Achromobacter_spp.
Acinetobacter_baumannii
Acinetobacter_baumannii#2
Aeromonas_spp.
Anaplasma_phagocytophilum
Arcobacter_spp.
Aspergillus_fumigatus
Bacillus_cereus
Bacillus_licheniformis
Bacillus_subtilis
Bartonella_bacilliformis
Bartonella_henselae
Bordetella_spp.
Borrelia_spp.
Brachyspira_hampsonii
Brachyspira_hyodysenteriae
Brachyspira_intermedia
Brachyspira_pilosicoli
Brachyspira_spp.
Brucella_spp.
Burkholderia_cepacia_complex
Burkholderia_pseudomallei
Campylobacter_concisus/curvus
Campylobacter_fetus
Campylobacter_helveticus
Campylobacter_hyointestinalis
Campylobacter_insulaenigrae
Campylobacter_jejuni
Campylobacter_lanienae
Campylobacter_lari
Campylobacter_sputorum
Campylobacter_upsaliensis
Candida_albicans
Candida_glabrata
Candida_krusei
Candida_tropicalis
Carnobacterium_maltaromaticum
Chlamydiales_spp.
Citrobacter_freundii
Clonorchis_sinensis
Clostridium_botulinum
Clostridium_difficile
Clostridium_septicum
Corynebacterium_diphtheriae
Cronobacter_spp.
Dichelobacter_nodosus
Edwardsiella_spp.
Enterobacter_cloacae
Enterococcus_faecalis
Enterococcus_faecium
Escherichia_coli
Escherichia_coli#2
Flavobacterium_psychrophilum
Gallibacterium_anatis
Haemophilus_influenzae
Haemophilus_parasuis
Helicobacter_cinaedi
Helicobacter_pylori
Helicobacter_suis
Kingella_kingae
Klebsiella_aerogenes
Klebsiella_oxytoca
Klebsiella_pneumoniae
Kudoa_septempunctata
Lactobacillus_salivarius
Leptospira_spp.
Leptospira_spp.#2
Leptospira_spp.#3
Listeria_monocytogenes
Macrococcus_canis
Macrococcus_caseolyticus
Mannheimia_haemolytica
Melissococcus_plutonius
Moraxella_catarrhalis
Mycobacterium_abscessus
Mycobacterium_massiliense
Mycoplasma_agalactiae
Mycoplasma_bovis
Mycoplasma_hyopneumoniae
Mycoplasma_hyorhinis
Mycoplasma_iowae
Mycoplasma_pneumoniae
Mycoplasma_synoviae
Neisseria_spp.
Orientia_tsutsugamushi
Ornithobacterium_rhinotracheale
Paenibacillus_larvae
Pasteurella_multocida
Pasteurella_multocida#2
Pediococcus_pentosaceus
Photobacterium_damselae
Porphyromonas_gingivalis
Propionibacterium_acnes
Pseudomonas_aeruginosa
Pseudomonas_fluorescens
Rhodococcus_spp.
Riemerella_anatipestifer
Salmonella_enterica
Sinorhizobium_spp.
Staphylococcus_aureus
Staphylococcus_epidermidis
Staphylococcus_haemolyticus
Staphylococcus_hominis
Staphylococcus_lugdunensis
Staphylococcus_pseudintermedius
Stenotrophomonas_maltophilia
Streptococcus_agalactiae
Streptococcus_bovis/equinus_complex_(SBSEC)
Streptococcus_canis
Streptococcus_dysgalactiae_equisimilis
Streptococcus_gallolyticus
Streptococcus_oralis
Streptococcus_pneumoniae
Streptococcus_pyogenes
Streptococcus_suis
Streptococcus_thermophilus
Streptococcus_thermophilus#2
Streptococcus_uberis
Streptococcus_zooepidemicus
Streptomyces_spp
Taylorella_spp.
Tenacibaculum_spp.
Trichomonas_vaginalis
Vibrio_cholerae
Vibrio_parahaemolyticus
Vibrio_spp.
Vibrio_tapetis
Vibrio_vulnificus
Wolbachia
Xylella_fastidiosa
Yersinia_pseudotuberculosis
Yersinia_ruckeri
Yersinia_spp.
